Script started on 2020-01-30 18:02:07-05:00 [TERM="xterm-256color" TTY="/dev/pts/0" COLUMNS="80" LINES="24"]
bash: /home/umrigar/cs240/bin/student.rc: Permission denied
tloja1@g7-39:~/i240b/submit/lab1$ cd ~/i240b/sub[K[K[K[K[K[K[K[K[K[K[K[K[K[Kcp -r ~/cs240/labs/lab1/exercieses/[K[K[K[K[Kses/* .
cp: cannot stat '/home/tloja1/cs240/labs/lab1/exercises/*': No such file or directory
tloja1@g7-39:~/i240b/submit/lab1$ [Ktloja1@g7-39:~/i240b/submit/lab1$ [Ktloja1@g7-39:~/i240b/submit/lab1$ [Ktloja1@g7-39:~/i240b/submit/lab1$ [Ktloja1@g7-39:~/i240b/submit/lab1$ [Ktloja1@g7-39:~/i240b/submit/lab1$ [Ktloja1@g7-39:~/i240b/submit/lab1$ [Ktloja1@g7-39:~/i240b/submit/lab1$ [Ktloja1@g7-39:~/i240b/submit/lab1$ [Ktloja1@g7-39:~/i240b/submit/lab1$ [Ktloja1@g7-39:~/i240b/submit/lab1$ [Ktloja1@g7-39:~/i240b/submit/lab1$ [Ktloja1@g7-39:~/i240b/submit/lab1$ [Ktloja1@g7-39:~/i240b/submit/lab1$ cp -r ~/cs240/labs/lab1/exercises/* .[C[K
cp: missing destination file operand after '/home/tloja1/cs240/labs/lab1/exercises/*'
Try 'cp --help' for more information.
tloja1@g7-39:~/i240b/submit/lab1$ cp -r ~/cs240/labs/lab1/exercises/* [K .
cp: cannot stat '/home/tloja1/cs240/labs/lab1/exercises/*': No such file or directory
tloja1@g7-39:~/i240b/submit/lab1$ cp -r ~/cs240/labs/lab1/exercises/* .[K[K[K* .[K[K .
cp: cannot stat '/home/tloja1/cs240/labs/lab1/exercises/*': No such file or directory
tloja1@g7-39:~/i240b/submit/lab1$ cp -r ~/cs240/labs/lab1/exercises/* .[C[C[C[C[C[C[C[C[C[C[C[C[C[C[C[C[C[C[C[C[C[C[C[C[C[C[C[C[C[C[C[C[C[C[Kpwd
/home/tloja1/i240b/submit/lab1
tloja1@g7-39:~/i240b/submit/lab1$ pwdcp -r ~/cs240/labs/lab1/exercises/* .[C[C[C[C[C[C[C[C[C[C[C[C[C[C[C[C[C[C[C[C[C[C[C[C[C[C[C[C[C[C[C[C[C[Cpwd[Kcp -r ~/cs240/labs/lab1/exercises/* .[C[C[C[C[C[C[C[C[C[C[C[C[C[C[C[C[C[C[C[C[C[C[C[C[C[C[C[C[C[C[C[C[C[Cpwd[K[K[K[Kcp [K[K[Kcp -r ~/cs240/labs/lab1/exercises/* .[1P[1@h[1@o[1@m[1@e[Ktloja1@g7-39:~/i240b/submit/lab1$ cp -r home/cs240/labs/lab1/exercises/* .[C[1@/[1@t[1@l[1@o[1@j[1@a[1@1
cp: cannot stat 'home/tloja1/cs240/labs/lab1/exercises/*': No such file or directory
tloja1@g7-39:~/i240b/submit/lab1$ cp -r home/tloja1/cs240/labs/lab1/exercises/* .[C[8@lab1.LOG[C[1P[1P[1P[1P[1P[1P[1P[1P[C[C[C[C[1P[1P[C[1@1[1@o[1@m
cp: cannot stat 'home1/tloja1/cs240/labs/lab1/exercises/*': No such file or directory
tloja1@g7-39:~/i240b/submit/lab1$ cp -r home1/tloja1/cs240/labs/lab1/exercises/* .[C[C[C[C[C[C[C[C[C[C[C[C[C[K[K[K[K[K[K[K[K[K[K[K[K[K[K[K[K[K[K[K[K[K[K[K[K[K[K[K[K[K[K[K[K[K[K[K[K[K[K[K[K[K[K[K[K[K[K[K[Kcx[Kd ../
tloja1@g7-39:~/i240b/submit$ cd ../
tloja1@g7-39:~/i240b$ cd ../p -r home1/tloja1/cs240/labs/lab1/exercises/* .[C[C[C[C[C[C[C[C[C[C[C[C[C[C[C[C[C[C[C[C[C[C[C[C[C[C[C[C[C[C[C[C[1P[C[C[C[C[C[C[C[C[C[C[C[C[C[C[C[C[C[C[C[C[C[C[C[C[C[C[C[C[C[C[C[C[C[C[C[C[C[C[C[C[C[C[C[C[C[C[C[C[C[C[C[C[C[C[C[C[C[C[C[Kcp -r ~/cs240/labs/lab1/exercises/* .[K* .[C[C[C[C[C[C[C[C[C[C[C[C[C[C[C[C[C[C[C[C[C[C[Cd ../[K[4Plscd submit/ls[Kcd submit/ls[Kcd ../p -r ~/cs240/labs/lab1/exercises/* .[K[K* .[C[C[C[C[C[C[C[C[C[C[C[C[C[C[C[C[C[C[C[C[C[C[Kcp -r home/tloja1/cs240/labs/lab1/exercises/* .[C[C[C[C[C[C[C[C[C[C[C[C[C[C[C[C[C[C[C[C[C[C[C[C[C[C[C[C[C[C[C[C[1@1[C[C[C[C[C[C[C[C[C[C[C[C[C[C[C[C[C[C[C[C[C[C[C[C[C[C[C[C[C[C[C[C[C[C[C[C[C[C[C[C[C[C[C[C[C[C[C[C[C[C[C[C[C[C[C[C[C[C[C[Cd ../[K[Kcd ../
tloja1@g7-39:~$ cd ...[K[K[K[K[K[Kls
 a.out	 cs240	   Documents   i240    lab2     lab3	 Music	   '~.profile'	 Public      tmp
 cs120	 Desktop   Downloads   i240b   lab2.c   lab3.c	 Pictures   projects	 Templates   Videos
tloja1@g7-39:~$ cd cs240
tloja1@g7-39:~/cs240$ ls
announce.html  assets  exams-quizzes  hws	  index.umt  misc      README.md  umt.make
announce.umt   docs    exercises      index.html  labs	     projects  slides
tloja1@g7-39:~/cs240$ git pull
/home/tloja1/.bashrc: line 1: /home/umrigar/cs240/bin/student.rc: Permission denied
remote: Enumerating objects: 170, done.[K
remote: Counting objects:   0% (1/170)   [Kremote: Counting objects:   1% (2/170)   [Kremote: Counting objects:   2% (4/170)   [Kremote: Counting objects:   3% (6/170)   [Kremote: Counting objects:   4% (7/170)   [Kremote: Counting objects:   5% (9/170)   [Kremote: Counting objects:   6% (11/170)   [Kremote: Counting objects:   7% (12/170)   [Kremote: Counting objects:   8% (14/170)   [Kremote: Counting objects:   9% (16/170)   [Kremote: Counting objects:  10% (17/170)   [Kremote: Counting objects:  11% (19/170)   [Kremote: Counting objects:  12% (21/170)   [Kremote: Counting objects:  13% (23/170)   [Kremote: Counting objects:  14% (24/170)   [Kremote: Counting objects:  15% (26/170)   [Kremote: Counting objects:  16% (28/170)   [Kremote: Counting objects:  17% (29/170)   [Kremote: Counting objects:  18% (31/170)   [Kremote: Counting objects:  19% (33/170)   [Kremote: Counting objects:  20% (34/170)   [Kremote: Counting objects:  21% (36/170)   [Kremote: Counting objects:  22% (38/170)   [Kremote: Counting objects:  23% (40/170)   [Kremote: Counting objects:  24% (41/170)   [Kremote: Counting objects:  25% (43/170)   [Kremote: Counting objects:  26% (45/170)   [Kremote: Counting objects:  27% (46/170)   [Kremote: Counting objects:  28% (48/170)   [Kremote: Counting objects:  29% (50/170)   [Kremote: Counting objects:  30% (51/170)   [Kremote: Counting objects:  31% (53/170)   [Kremote: Counting objects:  32% (55/170)   [Kremote: Counting objects:  33% (57/170)   [Kremote: Counting objects:  34% (58/170)   [Kremote: Counting objects:  35% (60/170)   [Kremote: Counting objects:  36% (62/170)   [Kremote: Counting objects:  37% (63/170)   [Kremote: Counting objects:  38% (65/170)   [Kremote: Counting objects:  39% (67/170)   [Kremote: Counting objects:  40% (68/170)   [Kremote: Counting objects:  41% (70/170)   [Kremote: Counting objects:  42% (72/170)   [Kremote: Counting objects:  43% (74/170)   [Kremote: Counting objects:  44% (75/170)   [Kremote: Counting objects:  45% (77/170)   [Kremote: Counting objects:  46% (79/170)   [Kremote: Counting objects:  47% (80/170)   [Kremote: Counting objects:  48% (82/170)   [Kremote: Counting objects:  49% (84/170)   [Kremote: Counting objects:  50% (85/170)   [Kremote: Counting objects:  51% (87/170)   [Kremote: Counting objects:  52% (89/170)   [Kremote: Counting objects:  53% (91/170)   [Kremote: Counting objects:  54% (92/170)   [Kremote: Counting objects:  55% (94/170)   [Kremote: Counting objects:  56% (96/170)   [Kremote: Counting objects:  57% (97/170)   [Kremote: Counting objects:  58% (99/170)   [Kremote: Counting objects:  59% (101/170)   [Kremote: Counting objects:  60% (102/170)   [Kremote: Counting objects:  61% (104/170)   [Kremote: Counting objects:  62% (106/170)   [Kremote: Counting objects:  63% (108/170)   [Kremote: Counting objects:  64% (109/170)   [Kremote: Counting objects:  65% (111/170)   [Kremote: Counting objects:  66% (113/170)   [Kremote: Counting objects:  67% (114/170)   [Kremote: Counting objects:  68% (116/170)   [Kremote: Counting objects:  69% (118/170)   [Kremote: Counting objects:  70% (119/170)   [Kremote: Counting objects:  71% (121/170)   [Kremote: Counting objects:  72% (123/170)   [Kremote: Counting objects:  73% (125/170)   [Kremote: Counting objects:  74% (126/170)   [Kremote: Counting objects:  75% (128/170)   [Kremote: Counting objects:  76% (130/170)   [Kremote: Counting objects:  77% (131/170)   [Kremote: Counting objects:  78% (133/170)   [Kremote: Counting objects:  79% (135/170)   [Kremote: Counting objects:  80% (136/170)   [Kremote: Counting objects:  81% (138/170)   [Kremote: Counting objects:  82% (140/170)   [Kremote: Counting objects:  83% (142/170)   [Kremote: Counting objects:  84% (143/170)   [Kremote: Counting objects:  85% (145/170)   [Kremote: Counting objects:  86% (147/170)   [Kremote: Counting objects:  87% (148/170)   [Kremote: Counting objects:  88% (150/170)   [Kremote: Counting objects:  89% (152/170)   [Kremote: Counting objects:  90% (153/170)   [Kremote: Counting objects:  91% (155/170)   [Kremote: Counting objects:  92% (157/170)   [Kremote: Counting objects:  93% (159/170)   [Kremote: Counting objects:  94% (160/170)   [Kremote: Counting objects:  95% (162/170)   [Kremote: Counting objects:  96% (164/170)   [Kremote: Counting objects:  97% (165/170)   [Kremote: Counting objects:  98% (167/170)   [Kremote: Counting objects:  99% (169/170)   [Kremote: Counting objects: 100% (170/170)   [Kremote: Counting objects: 100% (170/170), done.[K
remote: Compressing objects:   0% (1/131)   [Kremote: Compressing objects:   1% (2/131)   [Kremote: Compressing objects:   2% (3/131)   [Kremote: Compressing objects:   3% (4/131)   [Kremote: Compressing objects:   4% (6/131)   [Kremote: Compressing objects:   5% (7/131)   [Kremote: Compressing objects:   6% (8/131)   [Kremote: Compressing objects:   7% (10/131)   [Kremote: Compressing objects:   8% (11/131)   [Kremote: Compressing objects:   9% (12/131)   [Kremote: Compressing objects:  10% (14/131)   [Kremote: Compressing objects:  11% (15/131)   [Kremote: Compressing objects:  12% (16/131)   [Kremote: Compressing objects:  13% (18/131)   [Kremote: Compressing objects:  14% (19/131)   [Kremote: Compressing objects:  15% (20/131)   [Kremote: Compressing objects:  16% (21/131)   [Kremote: Compressing objects:  17% (23/131)   [Kremote: Compressing objects:  18% (24/131)   [Kremote: Compressing objects:  19% (25/131)   [Kremote: Compressing objects:  20% (27/131)   [Kremote: Compressing objects:  21% (28/131)   [Kremote: Compressing objects:  22% (29/131)   [Kremote: Compressing objects:  23% (31/131)   [Kremote: Compressing objects:  24% (32/131)   [Kremote: Compressing objects:  25% (33/131)   [Kremote: Compressing objects:  26% (35/131)   [Kremote: Compressing objects:  27% (36/131)   [Kremote: Compressing objects:  28% (37/131)   [Kremote: Compressing objects:  29% (38/131)   [Kremote: Compressing objects:  30% (40/131)   [Kremote: Compressing objects:  31% (41/131)   [Kremote: Compressing objects:  32% (42/131)   [Kremote: Compressing objects:  33% (44/131)   [Kremote: Compressing objects:  34% (45/131)   [Kremote: Compressing objects:  35% (46/131)   [Kremote: Compressing objects:  36% (48/131)   [Kremote: Compressing objects:  37% (49/131)   [Kremote: Compressing objects:  38% (50/131)   [Kremote: Compressing objects:  39% (52/131)   [Kremote: Compressing objects:  40% (53/131)   [Kremote: Compressing objects:  41% (54/131)   [Kremote: Compressing objects:  42% (56/131)   [Kremote: Compressing objects:  43% (57/131)   [Kremote: Compressing objects:  44% (58/131)   [Kremote: Compressing objects:  45% (59/131)   [Kremote: Compressing objects:  46% (61/131)   [Kremote: Compressing objects:  47% (62/131)   [Kremote: Compressing objects:  48% (63/131)   [Kremote: Compressing objects:  49% (65/131)   [Kremote: Compressing objects:  50% (66/131)   [Kremote: Compressing objects:  51% (67/131)   [Kremote: Compressing objects:  52% (69/131)   [Kremote: Compressing objects:  53% (70/131)   [Kremote: Compressing objects:  54% (71/131)   [Kremote: Compressing objects:  55% (73/131)   [Kremote: Compressing objects:  56% (74/131)   [Kremote: Compressing objects:  57% (75/131)   [Kremote: Compressing objects:  58% (76/131)   [Kremote: Compressing objects:  59% (78/131)   [Kremote: Compressing objects:  60% (79/131)   [Kremote: Compressing objects:  61% (80/131)   [Kremote: Compressing objects:  62% (82/131)   [Kremote: Compressing objects:  63% (83/131)   [Kremote: Compressing objects:  64% (84/131)   [Kremote: Compressing objects:  65% (86/131)   [Kremote: Compressing objects:  66% (87/131)   [Kremote: Compressing objects:  67% (88/131)   [Kremote: Compressing objects:  68% (90/131)   [Kremote: Compressing objects:  69% (91/131)   [Kremote: Compressing objects:  70% (92/131)   [Kremote: Compressing objects:  71% (94/131)   [Kremote: Compressing objects:  72% (95/131)   [Kremote: Compressing objects:  73% (96/131)   [Kremote: Compressing objects:  74% (97/131)   [Kremote: Compressing objects:  75% (99/131)   [Kremote: Compressing objects:  76% (100/131)   [Kremote: Compressing objects:  77% (101/131)   [Kremote: Compressing objects:  78% (103/131)   [Kremote: Compressing objects:  79% (104/131)   [Kremote: Compressing objects:  80% (105/131)   [Kremote: Compressing objects:  81% (107/131)   [Kremote: Compressing objects:  82% (108/131)   [Kremote: Compressing objects:  83% (109/131)   [Kremote: Compressing objects:  84% (111/131)   [Kremote: Compressing objects:  85% (112/131)   [Kremote: Compressing objects:  86% (113/131)   [Kremote: Compressing objects:  87% (114/131)   [Kremote: Compressing objects:  88% (116/131)   [Kremote: Compressing objects:  89% (117/131)   [Kremote: Compressing objects:  90% (118/131)   [Kremote: Compressing objects:  91% (120/131)   [Kremote: Compressing objects:  92% (121/131)   [Kremote: Compressing objects:  93% (122/131)   [Kremote: Compressing objects:  94% (124/131)   [Kremote: Compressing objects:  95% (125/131)   [Kremote: Compressing objects:  96% (126/131)   [Kremote: Compressing objects:  97% (128/131)   [Kremote: Compressing objects:  98% (129/131)   [Kremote: Compressing objects:  99% (130/131)   [Kremote: Compressing objects: 100% (131/131)   [Kremote: Compressing objects: 100% (131/131), done.[K
Receiving objects:   0% (1/138)   Receiving objects:   1% (2/138)   Receiving objects:   2% (3/138)   Receiving objects:   3% (5/138)   Receiving objects:   4% (6/138)   Receiving objects:   5% (7/138)   Receiving objects:   6% (9/138)   Receiving objects:   7% (10/138)   Receiving objects:   8% (12/138)   Receiving objects:   9% (13/138)   Receiving objects:  10% (14/138)   Receiving objects:  11% (16/138)   Receiving objects:  12% (17/138)   Receiving objects:  13% (18/138)   Receiving objects:  14% (20/138)   Receiving objects:  15% (21/138)   Receiving objects:  16% (23/138)   Receiving objects:  17% (24/138)   Receiving objects:  18% (25/138)   Receiving objects:  19% (27/138)   Receiving objects:  20% (28/138)   Receiving objects:  21% (29/138)   Receiving objects:  22% (31/138)   Receiving objects:  23% (32/138)   Receiving objects:  24% (34/138)   Receiving objects:  25% (35/138)   Receiving objects:  26% (36/138)   Receiving objects:  27% (38/138)   Receiving objects:  28% (39/138)   Receiving objects:  29% (41/138)   Receiving objects:  30% (42/138)   Receiving objects:  31% (43/138)   Receiving objects:  32% (45/138)   Receiving objects:  33% (46/138)   Receiving objects:  34% (47/138)   Receiving objects:  35% (49/138)   Receiving objects:  36% (50/138)   Receiving objects:  37% (52/138)   Receiving objects:  38% (53/138)   Receiving objects:  39% (54/138)   Receiving objects:  40% (56/138)   Receiving objects:  41% (57/138)   Receiving objects:  42% (58/138)   Receiving objects:  43% (60/138)   Receiving objects:  44% (61/138)   Receiving objects:  45% (63/138)   Receiving objects:  46% (64/138)   Receiving objects:  47% (65/138)   Receiving objects:  48% (67/138)   Receiving objects:  49% (68/138)   Receiving objects:  50% (69/138)   Receiving objects:  51% (71/138)   Receiving objects:  52% (72/138)   Receiving objects:  53% (74/138)   Receiving objects:  54% (75/138)   Receiving objects:  55% (76/138)   Receiving objects:  56% (78/138)   Receiving objects:  57% (79/138)   Receiving objects:  58% (81/138)   Receiving objects:  59% (82/138)   Receiving objects:  60% (83/138)   Receiving objects:  61% (85/138)   Receiving objects:  62% (86/138)   Receiving objects:  63% (87/138)   Receiving objects:  64% (89/138)   Receiving objects:  65% (90/138)   Receiving objects:  66% (92/138)   Receiving objects:  67% (93/138)   Receiving objects:  68% (94/138)   Receiving objects:  69% (96/138)   Receiving objects:  70% (97/138)   Receiving objects:  71% (98/138)   Receiving objects:  72% (100/138)   Receiving objects:  73% (101/138)   Receiving objects:  74% (103/138)   Receiving objects:  75% (104/138)   Receiving objects:  76% (105/138)   Receiving objects:  77% (107/138)   Receiving objects:  78% (108/138)   Receiving objects:  79% (110/138)   Receiving objects:  80% (111/138)   Receiving objects:  81% (112/138)   Receiving objects:  82% (114/138)   Receiving objects:  83% (115/138)   Receiving objects:  84% (116/138)   Receiving objects:  85% (118/138)   Receiving objects:  86% (119/138)   Receiving objects:  87% (121/138)   Receiving objects:  88% (122/138)   Receiving objects:  89% (123/138)   Receiving objects:  90% (125/138)   Receiving objects:  91% (126/138)   remote: Total 138 (delta 69), reused 0 (delta 0)[K
Receiving objects:  92% (127/138)   Receiving objects:  93% (129/138)   Receiving objects:  94% (130/138)   Receiving objects:  95% (132/138)   Receiving objects:  96% (133/138)   Receiving objects:  97% (134/138)   Receiving objects:  98% (136/138)   Receiving objects:  99% (137/138)   Receiving objects: 100% (138/138)   Receiving objects: 100% (138/138), 495.18 KiB | 6.97 MiB/s, done.
Resolving deltas:   0% (0/69)   Resolving deltas:   2% (2/69)   Resolving deltas:   5% (4/69)   Resolving deltas:   7% (5/69)   Resolving deltas:   8% (6/69)   Resolving deltas:  10% (7/69)   Resolving deltas:  11% (8/69)   Resolving deltas:  13% (9/69)   Resolving deltas:  15% (11/69)   Resolving deltas:  17% (12/69)   Resolving deltas:  21% (15/69)   Resolving deltas:  24% (17/69)   Resolving deltas:  28% (20/69)   Resolving deltas:  30% (21/69)   Resolving deltas:  34% (24/69)   Resolving deltas:  49% (34/69)   Resolving deltas:  50% (35/69)   Resolving deltas:  52% (36/69)   Resolving deltas:  55% (38/69)   Resolving deltas:  57% (40/69)   Resolving deltas:  59% (41/69)   Resolving deltas:  60% (42/69)   Resolving deltas:  62% (43/69)   Resolving deltas:  63% (44/69)   Resolving deltas:  65% (45/69)   Resolving deltas:  66% (46/69)   Resolving deltas:  68% (47/69)   Resolving deltas:  69% (48/69)   Resolving deltas:  71% (49/69)   Resolving deltas:  72% (50/69)   Resolving deltas:  73% (51/69)   Resolving deltas:  75% (52/69)   Resolving deltas:  76% (53/69)   Resolving deltas:  78% (54/69)   Resolving deltas:  79% (55/69)   Resolving deltas:  85% (59/69)   Resolving deltas:  89% (62/69)   Resolving deltas:  95% (66/69)   Resolving deltas:  97% (67/69)   Resolving deltas:  98% (68/69)   Resolving deltas: 100% (69/69)   Resolving deltas: 100% (69/69), completed with 26 local objects.
From ssh://remote.cs.binghamton.edu/~umrigar/git-repos/cs240
   9e96ef3..0b7b862  master     -> origin/master
Updating 9e96ef3..0b7b862
Fast-forward
 exercises/templates/index.html                            |   2 [32m+[m[31m-[m
 index.html                                                |  16 [32m+[m[31m-[m
 index.umt                                                 |   5 [32m+[m
 labs/index.html                                           |   9 [32m+[m[31m-[m
 labs/index.umt                                            |  17 [32m+[m[31m-[m
 labs/lab-tips/lab-tips.html                               |  70 [31m-----[m
 labs/lab-tips/lab-tips.pdf                                | Bin [31m35175[m -> [32m0[m bytes
 labs/lab-tips/lab-tips.umt                                |  64 [31m-----[m
 labs/lab0/lab0.html                                       |  20 [32m+[m[31m-[m
 labs/lab0/lab0.pdf                                        | Bin [31m120447[m -> [32m120490[m bytes
 labs/lab0/lab0.umt                                        |  10 [32m+[m[31m-[m
 labs/lab0/lab0/hl-fine_blue.css                           |   2 [32m+[m[31m-[m
 labs/lab0/lab0/hl-fine_blue.sty                           |   2 [32m+[m[31m-[m
 labs/lab1/.gitignore                                      |   2 [32m+[m
 labs/lab1/exercises/.gitignore                            |   1 [32m+[m
 labs/lab1/exercises/0-hello/.gitignore                    |   1 [32m+[m
 labs/lab1/exercises/0-hello/hello.cc                      |   7 [32m+[m
 labs/lab1/exercises/1-monolithic/fns-compare.cc           |  25 [32m++[m
 labs/lab1/exercises/2-separate-compilation/fns-compare.cc |  30 [32m++[m
 labs/lab1/exercises/2-separate-compilation/fns-compare.hh |  14 [32m+[m
 labs/lab1/exercises/2-separate-compilation/linear.cc      |  11 [32m+[m
 labs/lab1/exercises/3-makefile/Makefile                   |  26 [32m++[m
 labs/lab1/exercises/3-makefile/constant.cc                |  11 [32m+[m
 labs/lab1/exercises/3-makefile/cubic.cc                   |  12 [32m+[m
 labs/lab1/exercises/3-makefile/exponential.cc             |  13 [32m+[m
 labs/lab1/exercises/3-makefile/fact.cc                    |  13 [32m+[m
 labs/lab1/exercises/3-makefile/fns-compare.cc             |  33 [32m+++[m
 labs/lab1/exercises/3-makefile/fns-compare.hh             |  20 [32m++[m
 labs/lab1/exercises/3-makefile/lg.cc                      |  13 [32m+[m
 labs/lab1/exercises/3-makefile/linear.cc                  |  11 [32m+[m
 labs/lab1/exercises/3-makefile/nlg.cc                     |  13 [32m+[m
 labs/lab1/exercises/3-makefile/quadratic.cc               |  12 [32m+[m
 labs/lab1/exercises/4-dependencies/Makefile               |  36 [32m+++[m
 labs/lab1/exercises/4-dependencies/constant.cc            |  11 [32m+[m
 labs/lab1/exercises/4-dependencies/cubic.cc               |  12 [32m+[m
 labs/lab1/exercises/4-dependencies/exponential.cc         |  13 [32m+[m
 labs/lab1/exercises/4-dependencies/fact.cc                |  13 [32m+[m
 labs/lab1/exercises/4-dependencies/fns-compare.cc         |  32 [32m+++[m
 labs/lab1/exercises/4-dependencies/fns-compare.hh         |  20 [32m++[m
 labs/lab1/exercises/4-dependencies/lg.cc                  |  13 [32m+[m
 labs/lab1/exercises/4-dependencies/linear.cc              |  11 [32m+[m
 labs/lab1/exercises/4-dependencies/nlg.cc                 |  13 [32m+[m
 labs/lab1/exercises/4-dependencies/quadratic.cc           |  12 [32m+[m
 labs/lab1/exercises/5-auto-dependencies/.gitignore        |   2 [32m+[m
 labs/lab1/exercises/5-auto-dependencies/Makefile          |  54 [32m++++[m
 labs/lab1/exercises/5-auto-dependencies/constant.cc       |  11 [32m+[m
 labs/lab1/exercises/5-auto-dependencies/cubic.cc          |  12 [32m+[m
 labs/lab1/exercises/5-auto-dependencies/exponential.cc    |  13 [32m+[m
 labs/lab1/exercises/5-auto-dependencies/fact.cc           |  13 [32m+[m
 labs/lab1/exercises/5-auto-dependencies/fns-compare.cc    |  33 [32m+++[m
 labs/lab1/exercises/5-auto-dependencies/fns-compare.hh    |  20 [32m++[m
 labs/lab1/exercises/5-auto-dependencies/lg.cc             |  13 [32m+[m
 labs/lab1/exercises/5-auto-dependencies/linear.cc         |  11 [32m+[m
 labs/lab1/exercises/5-auto-dependencies/nlg.cc            |  13 [32m+[m
 labs/lab1/exercises/5-auto-dependencies/quadratic.cc      |  12 [32m+[m
 labs/lab1/lab1.html                                       | 428 [32m++++++++++++++++++++++++++++[m
 labs/lab1/lab1.pdf                                        | Bin [31m0[m -> [32m145820[m bytes
 labs/lab1/lab1.umt                                        | 614 [32m++++++++++++++++++++++++++++++++++++++++[m
 labs/lab1/lab1/hl-fine_blue.css                           |  19 [32m++[m
 labs/lab1/lab1/hl-fine_blue.sty                           |  19 [32m++[m
 labs/submission/submission.html                           | 107 [32m+++++++[m
 labs/submission/submission.pdf                            | Bin [31m0[m -> [32m62238[m bytes
 labs/submission/submission.umt                            | 127 [32m+++++++++[m
 labs/submission/submission/hl-fine_blue.css               |  19 [32m++[m
 labs/submission/submission/hl-fine_blue.sty               |  19 [32m++[m
 misc/grading-guidelines/grading-guidelines.pdf            | Bin [31m74711[m -> [32m74711[m bytes
 slides/c++-intro/c++-intro.html                           | 350 [32m+++++++++++++++++++++++[m
 slides/c++-intro/c++-intro.pdf                            | Bin [31m0[m -> [32m167175[m bytes
 slides/c++-intro/c++-intro.umt                            | 625 [32m+++++++++++++++++++++++++++++++++++++++++[m
 slides/c++-intro/c++-intro/hl-fine_blue.css               |  19 [32m++[m
 slides/c++-intro/c++-intro/hl-fine_blue.sty               |  19 [32m++[m
 slides/c++-intro/code/Makefile                            |  11 [32m+[m
 slides/c++-intro/code/hello.cc                            |   5 [32m+[m
 slides/c++-intro/code/sum-array.cc                        |  35 [32m+++[m
 slides/index.html                                         |   3 [32m+[m
 slides/index.umt                                          |   1 [32m+[m
 slides/intro/intro.html                                   |  20 [32m+[m[31m-[m
 slides/intro/intro.pdf                                    | Bin [31m111642[m -> [32m111713[m bytes
 slides/intro/intro.umt                                    |  10 [32m+[m[31m-[m
 slides/syllabus/Makefile                                  |  22 [31m--[m
 slides/syllabus/syllabus.html                             |  24 [32m+[m[31m-[m
 slides/syllabus/syllabus.pdf                              | Bin [31m135182[m -> [32m135647[m bytes
 slides/syllabus/syllabus.umt                              |  24 [32m+[m[31m-[m
 83 files changed, 3170 insertions(+), 228 deletions(-)
 delete mode 100644 labs/lab-tips/lab-tips.html
 delete mode 100644 labs/lab-tips/lab-tips.pdf
 delete mode 100644 labs/lab-tips/lab-tips.umt
 create mode 100644 labs/lab1/.gitignore
 create mode 100644 labs/lab1/exercises/.gitignore
 create mode 100644 labs/lab1/exercises/0-hello/.gitignore
 create mode 100644 labs/lab1/exercises/0-hello/hello.cc
 create mode 100644 labs/lab1/exercises/1-monolithic/fns-compare.cc
 create mode 100644 labs/lab1/exercises/2-separate-compilation/fns-compare.cc
 create mode 100644 labs/lab1/exercises/2-separate-compilation/fns-compare.hh
 create mode 100644 labs/lab1/exercises/2-separate-compilation/linear.cc
 create mode 100644 labs/lab1/exercises/3-makefile/Makefile
 create mode 100644 labs/lab1/exercises/3-makefile/constant.cc
 create mode 100644 labs/lab1/exercises/3-makefile/cubic.cc
 create mode 100644 labs/lab1/exercises/3-makefile/exponential.cc
 create mode 100644 labs/lab1/exercises/3-makefile/fact.cc
 create mode 100644 labs/lab1/exercises/3-makefile/fns-compare.cc
 create mode 100644 labs/lab1/exercises/3-makefile/fns-compare.hh
 create mode 100644 labs/lab1/exercises/3-makefile/lg.cc
 create mode 100644 labs/lab1/exercises/3-makefile/linear.cc
 create mode 100644 labs/lab1/exercises/3-makefile/nlg.cc
 create mode 100644 labs/lab1/exercises/3-makefile/quadratic.cc
 create mode 100644 labs/lab1/exercises/4-dependencies/Makefile
 create mode 100644 labs/lab1/exercises/4-dependencies/constant.cc
 create mode 100644 labs/lab1/exercises/4-dependencies/cubic.cc
 create mode 100644 labs/lab1/exercises/4-dependencies/exponential.cc
 create mode 100644 labs/lab1/exercises/4-dependencies/fact.cc
 create mode 100644 labs/lab1/exercises/4-dependencies/fns-compare.cc
 create mode 100644 labs/lab1/exercises/4-dependencies/fns-compare.hh
 create mode 100644 labs/lab1/exercises/4-dependencies/lg.cc
 create mode 100644 labs/lab1/exercises/4-dependencies/linear.cc
 create mode 100644 labs/lab1/exercises/4-dependencies/nlg.cc
 create mode 100644 labs/lab1/exercises/4-dependencies/quadratic.cc
 create mode 100644 labs/lab1/exercises/5-auto-dependencies/.gitignore
 create mode 100644 labs/lab1/exercises/5-auto-dependencies/Makefile
 create mode 100644 labs/lab1/exercises/5-auto-dependencies/constant.cc
 create mode 100644 labs/lab1/exercises/5-auto-dependencies/cubic.cc
 create mode 100644 labs/lab1/exercises/5-auto-dependencies/exponential.cc
 create mode 100644 labs/lab1/exercises/5-auto-dependencies/fact.cc
 create mode 100644 labs/lab1/exercises/5-auto-dependencies/fns-compare.cc
 create mode 100644 labs/lab1/exercises/5-auto-dependencies/fns-compare.hh
 create mode 100644 labs/lab1/exercises/5-auto-dependencies/lg.cc
 create mode 100644 labs/lab1/exercises/5-auto-dependencies/linear.cc
 create mode 100644 labs/lab1/exercises/5-auto-dependencies/nlg.cc
 create mode 100644 labs/lab1/exercises/5-auto-dependencies/quadratic.cc
 create mode 100644 labs/lab1/lab1.html
 create mode 100644 labs/lab1/lab1.pdf
 create mode 100644 labs/lab1/lab1.umt
 create mode 100644 labs/lab1/lab1/hl-fine_blue.css
 create mode 100644 labs/lab1/lab1/hl-fine_blue.sty
 create mode 100644 labs/submission/submission.html
 create mode 100644 labs/submission/submission.pdf
 create mode 100644 labs/submission/submission.umt
 create mode 100644 labs/submission/submission/hl-fine_blue.css
 create mode 100644 labs/submission/submission/hl-fine_blue.sty
 create mode 100644 slides/c++-intro/c++-intro.html
 create mode 100644 slides/c++-intro/c++-intro.pdf
 create mode 100644 slides/c++-intro/c++-intro.umt
 create mode 100644 slides/c++-intro/c++-intro/hl-fine_blue.css
 create mode 100644 slides/c++-intro/c++-intro/hl-fine_blue.sty
 create mode 100644 slides/c++-intro/code/Makefile
 create mode 100644 slides/c++-intro/code/hello.cc
 create mode 100644 slides/c++-intro/code/sum-array.cc
 delete mode 100644 slides/syllabus/Makefile
tloja1@g7-39:~/cs240$ ls
announce.html  assets  exams-quizzes  hws	  index.umt  misc      README.md  umt.make
announce.umt   docs    exercises      index.html  labs	     projects  slides
tloja1@g7-39:~/cs240$ c[Kc[Kcd ~/i240b/submit.[K/l[Klab1
tloja1@g7-39:~/i240b/submit/lab1$ cp -r ~/cs240/labs/lab1/exercises/* .
tloja1@g7-39:~/i240b/submit/lab1$ cp -r ~/cs240/labs/lab1/.gitignore/* .
cp: cannot stat '/home/tloja1/cs240/labs/lab1/.gitignore/*': Not a directory
tloja1@g7-39:~/i240b/submit/lab1$ cp -r ~/cs240/labs/lab1/.gitignore/* .[C[C[C[C[C[C[C[C[C[C[C[C[C[C[C[C[C[C[C[C[C[C[C[C[C[C[C[C[C[C[C[C[C[C[Kcp -r ~/cs240/labs/lab1/.gitignore/* .
cp: cannot stat '/home/tloja1/cs240/labs/lab1/.gitignore/*': Not a directory
tloja1@g7-39:~/i240b/submit/lab1$ l[Kls
0-hello  1-monolithic  2-separate-compilation  3-makefile  4-dependencies  5-auto-dependencies	lab1.LOG
tloja1@g7-39:~/i240b/submit/lab1$ cd [K[K[Klscp -r ~/cs240/labs/lab1/.gitignore/* .[C[C[C[C[C[C[C[C[C[C[C[C[C[C[C[C[C[C[C[C[C[C[C[C[C[C[C[C[C[C[C[C[C[Cls[K[Klscp -r ~/cs240/labs/lab1/.gitignore/* .[C[C[C[C[C[C[C[C[C[C[C[C[C[C[C[C[C[C[C[C[C[C[C[C[C[C[C[C[C[C[C[C[C[Cls[Kcp -r ~/cs240/labs/lab1/.gitignore/* .
cp: cannot stat '/home/tloja1/cs240/labs/lab1/.gitignore/*': Not a directory
tloja1@g7-39:~/i240b/submit/lab1$ cp -r ~/cs240/labs/lab1/.gitignore/* .
cp: cannot stat '/home/tloja1/cs240/labs/lab1/.gitignore/*': Not a directory
tloja1@g7-39:~/i240b/submit/lab1$ cp -r ~/cs240/labs/lab1/.gitignore/* .[C[C[C[C[C[C[C[C[C[C[C[C[C[C[C[C[C[C[C[C[C[C[C[C[C[C[C[C[C[C[C[C[C[Cls[Kcp -r ~/cs240/labs/lab1/.gitignore/* .[1Pexercises[C[C[C[C[1@.gitignore[C[C[C[C[C[C[C[C[C[C[C[C[C[C[C[C[C[C[C[C[C[C[C[C[C[C[C[C[C[C[C[C[C[C[C[C[C[Cls[Kcp -r ~/cs240/labs/lab1/.gitignore/* .[C[C[C[C[C[C[C[C[C[C[C[C[C[C[C[C[C[C[C[C[C[C[C[C[C[C[C[C[C[C[C[C[C[C[Kcp -r ~/cs240/labs/lab1/.gitignore/* .[C[C[C[C[C[C[C[C[C[C[C[C[C[C[C[C[C[C[C[C[C[C[C[C[C[C[C[C[C[C[C[C[C[Cls[Kcp -r ~/cs240/labs/lab1/.gitignore/* .[1Pexercises[C[C[C[C[15Pd ~/i240b/submit/lab1p -r ~/cs240/labs/lab1/exercises/* .[15Pd ~/i240b/submit/lab1p -r ~/cs240/labs/lab1/exercises/* .[1@.gitignore[C[C[C[C[1P .[1P .\ .
cp: missing destination file operand after '/home/tloja1/cs240/labs/lab1/.gitignore .'
Try 'cp --help' for more information.
tloja1@g7-39:~/i240b/submit/lab1$ cp -r ~/cs240/labs/lab1/.gitignore\ .[1P .
tloja1@g7-39:~/i240b/submit/lab1$ ls -la
total 52
drwxr-xr-x 8 tloja1 tloja1  4096 Jan 30 18:15 .
drwxr-x--- 4 tloja1 tloja1    40 Jan 30 18:01 ..
drwxr-xr-x 2 tloja1 tloja1    50 Jan 30 18:13 0-hello
drwxr-xr-x 2 tloja1 tloja1    35 Jan 30 18:13 1-monolithic
drwxr-xr-x 2 tloja1 tloja1    80 Jan 30 18:13 2-separate-compilation
drwxr-xr-x 2 tloja1 tloja1  4096 Jan 30 18:13 3-makefile
drwxr-xr-x 2 tloja1 tloja1  4096 Jan 30 18:13 4-dependencies
drwxr-xr-x 2 tloja1 tloja1  4096 Jan 30 18:13 5-auto-dependencies
-rw-r--r-- 1 tloja1 tloja1    13 Jan 30 18:15 .gitignore
-rw-r--r-- 1 tloja1 tloja1 32768 Jan 30 18:15 lab1.LOG
tloja1@g7-39:~/i240b/submit/lab1$ ls -lacp -r ~/cs240/labs/lab1/.gitignore .\ .[1P .[C[C[C[C[C[C[C[C[C[C[C[C[C[C[C[C[C[C[C[C[C[C[C[C[C[C[C[C[C[C[C[C[C[Cls -la[K[Kls -la[K;s
bash: syntax error near unexpected token `;'
tloja1@g7-39:~/i240b/submit/lab1$ ls
0-hello  1-monolithic  2-separate-compilation  3-makefile  4-dependencies  5-auto-dependencies	lab1.LOG
tloja1@g7-39:~/i240b/submit/lab1$ cd ~/i240b/submit/al[K[Klab1/0-hello
tloja1@g7-39:~/i240b/submit/lab1/0-hello$ ls
hello.cc
tloja1@g7-39:~/i240b/submit/lab1/0-hello$ make
make: *** No targets specified and no makefile found.  Stop.
tloja1@g7-39:~/i240b/submit/lab1/0-hello$ he[K[Kmake hello
g++     hello.cc   -o hello
tloja1@g7-39:~/i240b/submit/lab1/0-hello$ ls -l
total 24
-rwxr-xr-x 1 tloja1 tloja1 17248 Jan 30 18:16 hello
-rw-r--r-- 1 tloja1 tloja1    79 Jan 30 18:13 hello.cc
tloja1@g7-39:~/i240b/submit/lab1/0-hello$ file hello
hello: ELF 64-bit LSB pie executable, x86-64, version 1 (SYSV), dynamically linked, interpreter /lib64/ld-linux-x86-64.so.2, for GNU/Linux 3.2.0, BuildID[sha1]=99af5e976454700966eadf73920a1f533966fdc8, not stripped
tloja1@g7-39:~/i240b/submit/lab1/0-hello$ ./hello
hello world
tloja1@g7-39:~/i240b/submit/lab1/0-hello$ cd ../
tloja1@g7-39:~/i240b/submit/lab1$ ls
0-hello  1-monolithic  2-separate-compilation  3-makefile  4-dependencies  5-auto-dependencies	lab1.LOG
tloja1@g7-39:~/i240b/submit/lab1$ cd 1-monolithic/
tloja1@g7-39:~/i240b/submit/lab1/1-monolithic$ make fns-compare
g++     fns-compare.cc   -o fns-compare
tloja1@g7-39:~/i240b/submit/lab1/1-monolithic$ ./fns-compare
1 100000
10 1e+06
100 1e+07
1000 1e+08
10000 1e+09
tloja1@g7-39:~/i240b/submit/lab1/1-monolithic$ ev[Kmacs fns-compare.cc
tloja1@g7-39:~/i240b/submit/lab1/1-monolithic$ g++ -g -Wall -std=c++17 fns-compare.cc -o fns-compare
[01m[Kfns-compare.cc:11:1:[m[K [01;35m[Kwarning: [m[K‘[01m[Kdouble quadratic(double)[m[K’ defined but not used [[01;35m[K-Wunused-function[m[K]
 [01;35m[Kquadratic[m[K(double n)
 [01;35m[K^~~~~~~~~[m[K
tloja1@g7-39:~/i240b/submit/lab1/1-monolithic$ g++ -g -Wall -std=c++17 fns-compare.cc -o fns-compare[C[C[C[C[C[C[C[C[C[C[C[C[C[C[C[C[C[C[C[C[C[C[C[C[C[C[C[C[C[C[C[C[C[C[C[C[C[C[C[C[C[C[C[C[C[C[C[33Pemacs fns-compare.cc *[K&
[1] 178940
tloja1@g7-39:~/i240b/submit/lab1/1-monolithic$ g++  [K[K[K[K[Kls
fns-compare  fns-compare.cc  fns-compare.cc~
[1]+  Done                    emacs fns-compare.cc
tloja1@g7-39:~/i240b/submit/lab1/1-monolithic$ lsemacs fns-compare.cc &ls[K[K[Kg++ fns-compare.cc
[01m[Kfns-compare.cc:[m[K In function ‘[01m[Kint main()[m[K’:
[01m[Kfns-compare.cc:22:55:[m[K [01;31m[Kerror: [m[Kexpected ‘[01m[K)[m[K’ before ‘[01m[K;[m[K’ token
     fprintf[34m[K([m[Kout, "%g %g\n", n, linear(n), quadratic(n)[01;31m[K;[m[K
            [34m[K~[m[K                                          [01;31m[K^[m[K
                                                       [32m[K)[m[K
tloja1@g7-39:~/i240b/submit/lab1/1-monolithic$ g++ fns-compare.ccls[Kemacs fns-compare.cc &g++ -g -Wall -std=c++17 fns-compare.cc -o fns-compare[C[C[C[C[C[C[C[C[C[C[C[C[C[C[C[C[C[C[C[C[C[C[C[C[C[C[C[C[C[C[C[C[C[C[C[C[C[C[C[C[C[C[C[C[C[C[C[31Pemacs fns-compare.cc &
[1] 179270
tloja1@g7-39:~/i240b/submit/lab1/1-monolithic$ emacs fns-compare.cc &[4Pg++ fns-compare.cc
[1]+  Done                    emacs fns-compare.cc
tloja1@g7-39:~/i240b/submit/lab1/1-monolithic$ g++ fns-compare.ccemacs fns-compare.cc &[4Pg++ fns-compare.ccls[Kemacs fns-compare.cc &g++ -g -Wall -std=c++17 fns-compare.cc -o fns-compare[C[C[C[C[C[C[C[C[C[C[C[C[C[C[C[C[C[C[C[C[C[C[C[C[C[C[C[C[C[C[C[C[C[C[C[C[C[C[C[C[C[C[C[C[C[C[C[33Pemacs fns-compare.cc[7P./fns-comparemake fns-compare[3P./fns-compare
1 100000
10 1e+06
100 1e+07
1000 1e+08
10000 1e+09
tloja1@g7-39:~/i240b/submit/lab1/1-monolithic$ ./fns-compareg++ fns-compare.cc[5P./fns-compare[K./fns-compareg++ fns-compare.ccemacs fns-compare.cc &[4Pg++ fns-compare.ccemacs fns-compare.cc &[4Pg++ fns-compare.ccls[Kg++ fns-compare.ccls[Kemacs fns-compare.cc &g++ -g -Wall -std=c++17 fns-compare.cc -o fns-compare[C[C[C[C[C[C[C[C[C[C[C[C[C[C[C[C[C[C[C[C[C[C[C[C[C[C[C[C[C[C[C[C[C[C[C[C[C[C[C[C[C[C[C[C[C[C[C[33Pemacs fns-compare.cc[7P./fns-compareemacs fns-compare.ccg++ -g -Wall -std=c++17 fns-compare.cc -o fns-compare[C[C[C[C[C[C[C[C[C[C[C[C[C[C[C[C[C[C[C[C[C[C[C[C[C[C[C[C[C[C[C[C[C[C[C[C[C[C[C[C[C[C[C[C[C[C[C[31Pemacs fns-compare.cc &g++ -g -Wall -std=c++17 fns-compare.cc -o fns-compare[C[C[C[C[C[C[C[C[C[C[C[C[C[C[C[C[C[C[C[C[C[C[C[C[C[C[C[C[C[C[C[C[C[C[C[C[C[C[C[C[C[C[C[C[C[C[C[33Pemacs fns-compare.cc[7P./fns-comparemake fns-comparecd 1-monolithic/make fns-compare
g++     fns-compare.cc   -o fns-compare
tloja1@g7-39:~/i240b/submit/lab1/1-monolithic$ make fns-compare[3P./fns-compare
1 100000
10 1e+06
100 1e+07
1000 1e+08
10000 1e+09
tloja1@g7-39:~/i240b/submit/lab1/1-monolithic$ ./fns-comparemake fns-compare[3P./fns-compareg++ fns-compare.ccemacs fns-compare.cc &[4Pg++ fns-compare.ccemacs fns-compare.cc &
[1] 179433
tloja1@g7-39:~/i240b/submit/lab1/1-monolithic$ emacs fns-compare.cc &[9P./fns-comparemake fns-compare[3P./fns-comparemake fns-compare[3P./fns-compareg++ fns-compare.cc
[1]+  Done                    emacs fns-compare.cc
tloja1@g7-39:~/i240b/submit/lab1/1-monolithic$ g++ fns-compare.ccemacs fns-compare.cc &[9P./fns-comparemake fns-compare[3P./fns-compare
1 100000
10 1e+06
100 1e+07
1000 1e+08
10000 1e+09
tloja1@g7-39:~/i240b/submit/lab1/1-monolithic$ ./fns-compareg++ fns-compare.ccemacs fns-compare.cc &[4Pg++ fns-compare.ccemacs fns-compare.cc &[9P./fns-compareemacs fns-compare.cc &[4Pg++ fns-compare.ccemacs fns-compare.cc &[9P./fns-comparemake fns-compare
g++     fns-compare.cc   -o fns-compare
tloja1@g7-39:~/i240b/submit/lab1/1-monolithic$ make fns-compare[3P./fns-compareg++ fns-compare.cc[5P./fns-compare
1 100000 1000
10 1e+06 100000
100 1e+07 1e+07
1000 1e+08 1e+09
10000 1e+09 1e+11
tloja1@g7-39:~/i240b/submit/lab1/1-monolithic$ cd ../
tloja1@g7-39:~/i240b/submit/lab1$ ls
0-hello  1-monolithic  2-separate-compilation  3-makefile  4-dependencies  5-auto-dependencies	lab1.LOG
tloja1@g7-39:~/i240b/submit/lab1$ cd 2-separate-compilation/
tloja1@g7-39:~/i240b/submit/lab1/2-separate-compilation$ ls
fns-compare.cc	fns-compare.hh	linear.cc
tloja1@g7-39:~/i240b/submit/lab1/2-separate-compilation$ g++ -g -Wall -std=c++17 -c fns-compare.cc
tloja1@g7-39:~/i240b/submit/lab1/2-separate-compilation$ g++ -g -Wall -std=c++17 -c linear.cc
tloja1@g7-39:~/i240b/submit/lab1/2-separate-compilation$ g++ fin[K[Kns-compare.o linear.o -o fns-compare
tloja1@g7-39:~/i240b/submit/lab1/2-separate-compilation$ g[Kls
fns-compare  fns-compare.cc  fns-compare.hh  fns-compare.o  linear.cc  linear.o
tloja1@g7-39:~/i240b/submit/lab1/2-separate-compilation$ emacs fns-compare.cc 
tloja1@g7-39:~/i240b/submit/lab1/2-separate-compilation$ emacs fns-compare.cc ls[Kg++ fns-compare.o linear.o -o fns-compare[5P-g -Wall -std=c++17 -c linear.ccfns-compare.ccls[Kcd 2-separate-compilation/ls[Kcd .././fns-comparemake fns-compare[3P./fns-comparemake fns-compare[3P./fns-compare
         n    linear
         1     10000
        10    100000
       100     1e+06
      1000     1e+07
     10000     1e+08
    100000     1e+09
tloja1@g7-39:~/i240b/submit/lab1/2-separate-compilation$ ./fns-compareemacs fns-compare.cc ls[Kemacs fns-compare.cc ls[K
fns-compare  fns-compare.cc  fns-compare.hh  fns-compare.o  linear.cc  linear.o
tloja1@g7-39:~/i240b/submit/lab1/2-separate-compilation$ ls./fns-comparels[K./fns-compareemacs fns-compare.cc [K[K[K[K[K[K[K[K[K[K[K[K[K[K[Klinear.cc &
[1] 180222
tloja1@g7-39:~/i240b/submit/lab1/2-separate-compilation$ emacs linear.o &
[2] 180264
tloja1@g7-39:~/i240b/submit/lab1/2-separate-compilation$ emacs quadratic.cc
[2]+  Done                    emacs linear.o
tloja1@g7-39:~/i240b/submit/lab1/2-separate-compilation$ ls
fns-compare  fns-compare.cc  fns-compare.hh  fns-compare.o  linear.cc  linear.o  quadratic.cc
[1]+  Done                    emacs linear.cc
tloja1@g7-39:~/i240b/submit/lab1/2-separate-compilation$ lsemacs quadratic.cc
tloja1@g7-39:~/i240b/submit/lab1/2-separate-compilation$ g++ -[K[K[K[K[Kg++ quadratic.cc 
/usr/bin/ld: /usr/lib/gcc/x86_64-linux-gnu/8/../../../x86_64-linux-gnu/Scrt1.o: in function `_start':
(.text+0x20): undefined reference to `main'
/usr/bin/ld: /tmp/ccKgVrxJ.o: in function `__static_initialization_and_destruction_0(int, int)':
quadratic.cc:(.text+0x74): undefined reference to `register_fn(FnInfo)'
collect2: error: ld returned 1 exit status
tloja1@g7-39:~/i240b/submit/lab1/2-separate-compilation$ g++ quadratic.cc emacs quadratic.ccls[Kemacs quadratic.cc[2Plinear.o &[1@cc[C[Cls[K./fns-compareemacs fns-compare.cc ls[Kg++ fns-compare.o linear.o -o fns-compare[5P-g -Wall -std=c++17 -c linear.ccfns-compare.ccls[Kcd 2-separate-compilation/ls[Kcd .././fns-comparemake fns-compare[3P./fns-compareg++ fns-compare.ccemacs fns-compare.cc &[4Pg++ fns-compare.cc[5P./fns-comparemake fns-compare[3P./fns-compare[7Pcd ../[4Plscd 2-separate-compilation/ls[Kg++ -g -Wall -std=c++17 -c fns-compare.cc[5Plinear.ccfns-compare.o linear.o -o fns-comparels[Kemacs fns-compare.cc [8P./fns-comparels[Kemacs linear.cc &[1Po[C[Cquadratic.ccls[Kemacs quadratic.cc[1Pg++ quadratic.cc [Kg++ quadratic.cc emacs quadratic.cc
tloja1@g7-39:~/i240b/submit/lab1/2-separate-compilation$ emacs linear.cc
tloja1@g7-39:~/i240b/submit/lab1/2-separate-compilation$ emacs linear.ccquadratic.cc c[2Pg++ quadratic.cc emacs quadratic.cc[1Pg++ quadratic.cc emacs quadratic.c c[4Plinear.cc[Kemacs linear.cc &
[1] 181148
tloja1@g7-39:~/i240b/submit/lab1/2-separate-compilation$ emacs quadratic.cc &
[2] 181173
tloja1@g7-39:~/i240b/submit/lab1/2-separate-compilation$ emacs quadratic.cc &[3Plinear[C[C[C[C[C[Kquadratic.c c[2Pg++ quadratic.cc emacs quadratic.cc[1Pg++ quadratic.cc 
/usr/bin/ld: /usr/lib/gcc/x86_64-linux-gnu/8/../../../x86_64-linux-gnu/Scrt1.o: in function `_start':
(.text+0x20): undefined reference to `main'
/usr/bin/ld: /tmp/ccuv7uaO.o: in function `__static_initialization_and_destruction_0(int, int)':
quadratic.cc:(.text+0x74): undefined reference to `register_fn(FnInfo)'
collect2: error: ld returned 1 exit status
[2]+  Done                    emacs quadratic.cc
tloja1@g7-39:~/i240b/submit/lab1/2-separate-compilation$ g++ quadratic.cc emacs quadratic.cc &[3Plinear[C[C[C[C[C[Kquadratic.c c[4Plinear.cc &[3@quadratic[C[C[C[C[C[3Pg++ quadratic.cc [K[K[K[K[K[K[K[K[K[K[K[K[Klinear.cc
/usr/bin/ld: /usr/lib/gcc/x86_64-linux-gnu/8/../../../x86_64-linux-gnu/Scrt1.o: in function `_start':
(.text+0x20): undefined reference to `main'
/usr/bin/ld: /tmp/ccMrnkF9.o: in function `__static_initialization_and_destruction_0(int, int)':
linear.cc:(.text+0x62): undefined reference to `register_fn(FnInfo)'
collect2: error: ld returned 1 exit status
tloja1@g7-39:~/i240b/submit/lab1/2-separate-compilation$ g++ -g -Wall -std=c++17 -c fns[K[K[Kquadratic.cc
tloja1@g7-39:~/i240b/submit/lab1/2-separate-compilation$ g++ -g -Wall [K[K[K[K[K[K[K[K[Kfns-compareo[K.o quadrtic.[K[K[K[K[Kratic.o -o fns-compare
tloja1@g7-39:~/i240b/submit/lab1/2-separate-compilation$ g++ fns-compare.o quadratic.o -o fns-compare[5P-g -Wall -std=c++17 -c quadratic.cclinear.cc[Kquadratic.cc [4Plinear.cc-g -Wall -std=c++17 -c quadratic.ccfns-compare.o quadratic.o -o fns-compare[K./fns-compare 
         n quadratic
         1      1000
        10    100000
       100     1e+07
      1000     1e+09
     10000     1e+11
    100000     1e+13
tloja1@g7-39:~/i240b/submit/lab1/2-separate-compilation$ ./fns-compare g++ fns-compare.o quadratic.o -o fns-compare./fns-compare [Kg++ fns-compare.o quadratic.o -o fns-compare./fns-compare [Kg++ fns-compare.o quadratic.o -o fns-compare[5P-g -Wall -std=c++17 -c quadratic.cclinear.cc[Kquadratic.cc [4Plinear.cc-g -Wall -std=c++17 -c quadratic.ccfns-compare.o quadratic.o -o fns-compare./fns-compare [K[Kemacs fns-compare.cc 
tloja1@g7-39:~/i240b/submit/lab1/2-separate-compilation$ emacs fns-compare.cc [7P./fns-compare[Cg++ fns-compare.o quadratic.o -o fns-compare[5P-g -Wall -std=c++17 -c quadratic.cclinear.cc[K-g -Wall -std=c++17 -c quadratic.cclinear.cc[Kquadratic.cc emacs quadratic.cc &[3Pg++ quadratic.cc [4Plinear.cc-g -Wall -std=c++17 -c quadratic.ccfns-compare.o quadratic.o -o fns-compare./fns-compare [K[7@emacs fns-compare.cc[C[Kls
fns-compare	fns-compare.cc~  fns-compare.o	linear.o      quadratic.cc~
fns-compare.cc	fns-compare.hh	 linear.cc	quadratic.cc  quadratic.o
tloja1@g7-39:~/i240b/submit/lab1/2-separate-compilation$ emacs fns-compare
tloja1@g7-39:~/i240b/submit/lab1/2-separate-compilation$ emacs fns-compare.cc
tloja1@g7-39:~/i240b/submit/lab1/2-separate-compilation$ emacs fns-compare.cc[Kls[Kemacs fns-compare.cc [7P./fns-compare[Cg++ fns-compare.o quadratic.o -o fns-compare[5P-g -Wall -std=c++17 -c quadratic.ccfns-compare.o quadratic.o -o fns-compare[5P-g -Wall -std=c++17 -c quadratic.cc
tloja1@g7-39:~/i240b/submit/lab1/2-separate-compilation$ g++ -g -Wall -std=c++17 -c quadratic.cc[19Pemacs fns-compare.cc[K.ccg++ -g -Wall -std=c++17 -c quadratic.cc[Kg++ -g -Wall -std=c++17 -c quadratic.cc[19Pemacs fns-compare.cc[Kls[Kemacs fns-compare.cc [7P./fns-compare[Cg++ fns-compare.o quadratic.o -o fns-compare[5P-g -Wall -std=c++17 -c quadratic.ccfns-compare.o quadratic.o -o fns-compare
tloja1@g7-39:~/i240b/submit/lab1/2-separate-compilation$ ./fns-compare
         n quadratic
         1      1000
        10    100000
       100     1e+07
      1000     1e+09
     10000     1e+11
    100000     1e+13
tloja1@g7-39:~/i240b/submit/lab1/2-separate-compilation$ emacs fns-compare.cc &
[2] 182542
tloja1@g7-39:~/i240b/submit/lab1/2-separate-compilation$ emacs fns-compare.cc &[9P./fns-compareg++ fns-compare.o quadratic.o -o fns-compare./fns-compare[K
         n quadratic
         1      1000
        10    100000
       100     1e+07
      1000     1e+09
     10000     1e+11
    100000     1e+13
[1]-  Done                    emacs linear.cc
[2]+  Done                    emacs fns-compare.cc
tloja1@g7-39:~/i240b/submit/lab1/2-separate-compilation$ ./fns-compareemacs fns-compare.cc &[9P./fns-compareg++ fns-compare.o quadratic.o -o fns-compare[5P-g -Wall -std=c++17 -c quadratic.ccfns-compare.o quadratic.o -o fns-compare
tloja1@g7-39:~/i240b/submit/lab1/2-separate-compilation$ g++ fns-compare.o quadratic.o -o fns-compare./fns-compare[Kemacs fns-compare.cc &[9P./fns-compare
         n quadratic
         1      1000
        10    100000
       100     1e+07
      1000     1e+09
     10000     1e+11
    100000     1e+13
tloja1@g7-39:~/i240b/submit/lab1/2-separate-compilation$ ./fns-compareg++ fns-compare.o quadratic.o -o fns-compare./fns-compare[Kg++ fns-compare.o quadratic.o -o fns-compare[C[C[C[C[C[C[C[C[C[C[C[C[C
tloja1@g7-39:~/i240b/submit/lab1/2-separate-compilation$ g++ fns-compare [K.o linear.o -o fns-compare
tloja1@g7-39:~/i240b/submit/lab1/2-separate-compilation$ ./fns-compare 
         n    linear
         1     10000
        10    100000
       100     1e+06
      1000     1e+07
     10000     1e+08
    100000     1e+09
tloja1@g7-39:~/i240b/submit/lab1/2-separate-compilation$ ./fns-compare g++ fns-compare.o linear.o -o fns-compare[C[1@ [1@q[1@u[1@a[1@d[1@r[1@a[1@ti -o fns-compare [A[C[C[C[C[C[C[C[C[C[C[C[C[C[C[C[C[C[C[C[C[C[C[C[C[C[C[C[C[C[C[C[C[C[C[C[C[C[C[C[C[C[C[C[C[C[C[C[C[C[C[C[C[C[C[C[C[C[C[C[C[C[C[C[C[C[C[C[C[C[C[C[C[C[C[C[C[C[C[C[C[C[C[C[C[C[C[C[C[C[C[Cc -o fns-compare[A[C[C[C[C[C[C[C[C[C[C[C[C[C[C[C[C[C[C[C[C[C[C[C[C[C[C[C[C[C[C[C[C[C[C[C[C[C[C[C[C[C[C[C[C[C[C[C[C[C[C[C[C[C[C[C[C[C[C[C[C[C[C[C[C[C[C[C[C[C[C[C[C[C[C[C[C[C[C[C[C[C[C[C[C[C[C[C[C[C[C[C[C. -o fns-compare[A[C[C[C[C[C[C[C[C[C[C[C[C[C[C[C[C[C[C[C[C[C[C[C[C[C[C[C[C[C[C[C[C[C[C[C[C[C[C[C[C[C[C[C[C[C[C[C[C[C[C[C[C[C[C[C[C[C[C[C[C[C[C[C[C[C[C[C[C[C[C[C[C[C[C[C[C[C[C[C[C[C[C[C[C[C[C[C[C[C[C[C[Co -o fns-compare[A[C[C[C[C[C[C[C[C[C[C[C[C[C[C[C[C[C[C[C[C[C[C[C[C[C[C[C[C[C[C[C[C[C[C[C[C[C[C[C[C[C[C[C[C[C[C[C[C[C[C[C[C[C[C[C[C[C[C[C[C[C[C[C[C[C[C[C[C[C[C[C[C[C[C[C[C[C[C[C[C[C[C[C[C[C[C[C[C[C[C[C[C

tloja1@g7-39:~/i240b/submit/lab1/2-separate-compilation$ g++ fns-compare.o linear.o quadratic.o -o fns-compare[A[C[C[C[C[C[C[C[C[C[C[C[C[C[C[C[C[C[C[C[C[C[C[C[C[C[C[C[C[C[C[C[C[C[C[C[C[C[C[C[C[C[C[C[C[C[C[C[C[C[C[C[C[C[C./fns-compare [K
[K[A[C[C[C[C[C[C[C[C[C[C[C[C[C[C[C[C[C[C[C[C[C[C[C[C[C[C[C[C[C[C[C[C[C[C[C[C[C[C[C[C[C[C[C[C[C[C[C[C[C[C[C[C[C[C[C[C[C[C[C[C[C[C[C[C[C[C[C[C[C[C[C
         n    linear quadratic
         1     10000      1000
        10    100000    100000
       100     1e+06     1e+07
      1000     1e+07     1e+09
     10000     1e+08     1e+11
    100000     1e+09     1e+13
tloja1@g7-39:~/i240b/submit/lab1/2-separate-compilation$ cd ../
tloja1@g7-39:~/i240b/submit/lab1$ ls
0-hello  1-monolithic  2-separate-compilation  3-makefile  4-dependencies  5-auto-dependencies	lab1.LOG
tloja1@g7-39:~/i240b/submit/lab1$ cd 3-makefile/
tloja1@g7-39:~/i240b/submit/lab1/3-makefile$ ls
constant.cc  exponential.cc  fns-compare.cc  lg.cc	Makefile  quadratic.cc
cubic.cc     fact.cc	     fns-compare.hh  linear.cc	nlg.cc
tloja1@g7-39:~/i240b/submit/lab1/3-makefile$ emacs mak[K[K[KMakefile 
tloja1@g7-39:~/i240b/submit/lab1/3-makefile$ mak
bash: mak: command not found
tloja1@g7-39:~/i240b/submit/lab1/3-makefile$ e[Kmake
g++ -g -Wall -std=c++17   -c -o fns-compare.o fns-compare.cc
g++ -g -Wall -std=c++17   -c -o constant.o constant.cc
g++ -g -Wall -std=c++17   -c -o lg.o lg.cc
g++ -g -Wall -std=c++17   -c -o linear.o linear.cc
g++ -g -Wall -std=c++17   -c -o nlg.o nlg.cc
g++ -g -Wall -std=c++17   -c -o quadratic.o quadratic.cc
g++ -g -Wall -std=c++17   -c -o cubic.o cubic.cc
g++ -g -Wall -std=c++17   -c -o exponential.o exponential.cc
g++ -g -Wall -std=c++17   -c -o fact.o fact.cc
g++ fns-compare.o constant.o lg.o linear.o nlg.o quadratic.o cubic.o exponential.o fact.o -o fns-compare
tloja1@g7-39:~/i240b/submit/lab1/3-makefile$ ,[K./fns-compare 
    n constant     log2   linear     n lg    quadr    cubic     expn     fact
    1    1e+07        0    1e+05        0    1e+03    1e+02       20        1
   10    1e+07  3.3e+06    1e+06  3.3e+05    1e+05    1e+05    1e+04  3.6e+06
  100    1e+07  6.6e+06    1e+07  6.6e+06    1e+07    1e+08  1.3e+31 9.3e+157
 1000    1e+07    1e+07    1e+08    1e+08    1e+09    1e+11 1.1e+302      inf
10000    1e+07  1.3e+07    1e+09  1.3e+09    1e+11    1e+14      inf      inf
tloja1@g7-39:~/i240b/submit/lab1/3-makefile$ emacs fns-compare.hh 
tloja1@g7-39:~/i240b/submit/lab1/3-makefile$ emacs fns-compare.hh [7P./fns-compare[Cmake[K
make: Nothing to be done for 'all'.
tloja1@g7-39:~/i240b/submit/lab1/3-makefile$ cd ../
tloja1@g7-39:~/i240b/submit/lab1$ ls
0-hello  1-monolithic  2-separate-compilation  3-makefile  4-dependencies  5-auto-dependencies	lab1.LOG
tloja1@g7-39:~/i240b/submit/lab1$ cd 4-dependencies/
tloja1@g7-39:~/i240b/submit/lab1/4-dependencies$ make
Makefile:20: *** missing separator.  Stop.
tloja1@g7-39:~/i240b/submit/lab1/4-dependencies$ ls
constant.cc  exponential.cc  fns-compare.cc  lg.cc	Makefile  quadratic.cc
cubic.cc     fact.cc	     fns-compare.hh  linear.cc	nlg.cc
tloja1@g7-39:~/i240b/submit/lab1/4-dependencies$ emacs Makefile 
tloja1@g7-39:~/i240b/submit/lab1/4-dependencies$ emacs Makefile 
tloja1@g7-39:~/i240b/submit/lab1/4-dependencies$ emacs Makefile ls[Kmakecd 4-dependencies/make[K
g++ -g -Wall -std=c++17   -c -o fns-compare.o fns-compare.cc
g++ -g -Wall -std=c++17   -c -o constant.o constant.cc
g++ -g -Wall -std=c++17   -c -o lg.o lg.cc
g++ -g -Wall -std=c++17   -c -o linear.o linear.cc
g++ -g -Wall -std=c++17   -c -o nlg.o nlg.cc
g++ -g -Wall -std=c++17   -c -o quadratic.o quadratic.cc
g++ -g -Wall -std=c++17   -c -o cubic.o cubic.cc
g++ -g -Wall -std=c++17   -c -o exponential.o exponential.cc
g++ -g -Wall -std=c++17   -c -o fact.o fact.cc
g++ fns-compare.o constant.o lg.o linear.o nlg.o quadratic.o cubic.o exponential.o fact.o -o fns-compare
tloja1@g7-39:~/i240b/submit/lab1/4-dependencies$ l[K./fl[Kns-compare 
    n constant     log2   linear     n lg    quadr    cubic     expn     fact
    1    1e+07        0    1e+05        0    1e+03    1e+02       20        1
   10    1e+07  3.3e+06    1e+06  3.3e+05    1e+05    1e+05    1e+04  3.6e+06
  100    1e+07  6.6e+06    1e+07  6.6e+06    1e+07    1e+08  1.3e+31 9.3e+157
 1000    1e+07    1e+07    1e+08    1e+08    1e+09    1e+11 1.1e+302      inf
10000    1e+07  1.3e+07    1e+09  1.3e+09    1e+11    1e+14      inf      inf
tloja1@g7-39:~/i240b/submit/lab1/4-dependencies$ ls
constant.cc  cubic.o	     fact.cc	  fns-compare.cc  lg.cc      linear.o	nlg.cc	      quadratic.o
constant.o   exponential.cc  fact.o	  fns-compare.hh  lg.o	     Makefile	nlg.o
cubic.cc     exponential.o   fns-compare  fns-compare.o   linear.cc  Makefile~	quadratic.cc
tloja1@g7-39:~/i240b/submit/lab1/4-dependencies$ emacs Makefile
tloja1@g7-39:~/i240b/submit/lab1/4-dependencies$ emacs Makefile[K[K[K[K[K[K[K[Kfns_[K-compareh[K.hh
tloja1@g7-39:~/i240b/submit/lab1/4-dependencies$ cd ../.
tloja1@g7-39:~/i240b/submit/lab1$ cd 5-auto-dependencies/
tloja1@g7-39:~/i240b/submit/lab1/5-auto-dependencies$ m[Kmake
g++ -MT linear.o -MMD -MP -MF .deps/linear.d -g -Wall -std=c++17 -c linear.cc
g++ -MT nlg.o -MMD -MP -MF .deps/nlg.d -g -Wall -std=c++17 -c nlg.cc
g++ -MT fact.o -MMD -MP -MF .deps/fact.d -g -Wall -std=c++17 -c fact.cc
g++ -MT lg.o -MMD -MP -MF .deps/lg.d -g -Wall -std=c++17 -c lg.cc
g++ -MT cubic.o -MMD -MP -MF .deps/cubic.d -g -Wall -std=c++17 -c cubic.cc
g++ -MT exponential.o -MMD -MP -MF .deps/exponential.d -g -Wall -std=c++17 -c exponential.cc
g++ -MT fns-compare.o -MMD -MP -MF .deps/fns-compare.d -g -Wall -std=c++17 -c fns-compare.cc
g++ -MT constant.o -MMD -MP -MF .deps/constant.d -g -Wall -std=c++17 -c constant.cc
g++ -MT quadratic.o -MMD -MP -MF .deps/quadratic.d -g -Wall -std=c++17 -c quadratic.cc
g++ linear.o nlg.o fact.o lg.o cubic.o exponential.o fns-compare.o constant.o quadratic.o -o fns-compare
tloja1@g7-39:~/i240b/submit/lab1/5-auto-dependencies$ ./fns-compare
    n   linear     n lg     fact     log2    cubic     expn constant    quadr
    1    1e+05        0        1        0    1e+02       20    1e+07    1e+03
   10    1e+06  3.3e+05  3.6e+06  3.3e+06    1e+05    1e+04    1e+07    1e+05
  100    1e+07  6.6e+06 9.3e+157  6.6e+06    1e+08  1.3e+31    1e+07    1e+07
 1000    1e+08    1e+08      inf    1e+07    1e+11 1.1e+302    1e+07    1e+09
10000    1e+09  1.3e+09      inf  1.3e+07    1e+14      inf    1e+07    1e+11
tloja1@g7-39:~/i240b/submit/lab1/5-auto-dependencies$ emacs Makefile 
tloja1@g7-39:~/i240b/submit/lab1/5-auto-dependencies$ emacs Makefile [2P./fns-comparemake[Kcd 5-auto-dependencies/make[K
make: Nothing to be done for 'all'.
tloja1@g7-39:~/i240b/submit/lab1/5-auto-dependencies$ makeemacs Makefile [2P./fns-compareemacs Makefile make[Kemacs Makefile make[Kemacs Makefile [2P./fns-compareemacs Makefile [2P./fns-comparemake[K./fns-compareemacs Makefile make[Kemacs Makefile [2P./fns-compareemacs Makefile 
tloja1@g7-39:~/i240b/submit/lab1/5-auto-dependencies$ mkdir -p ~/tmp/fns-compare
tloja1@g7-39:~/i240b/submit/lab1/5-auto-dependencies$ cd ~/tmp/fns-compare
tloja1@g7-39:~/tmp/fns-compare$ tar -xvf ~/i240b/submit/lab1/5*/fns-compare.tar
tar: /home/tloja1/i240b/submit/lab1/5*/fns-compare.tar: Cannot open: No such file or directory
tar: Error is not recoverable: exiting now
tloja1@g7-39:~/tmp/fns-compare$ tar -xvf ~/i240b/submit/lab1/5*/fns-compare.tar[C[C[C[C[C[C[C[C[C[C[C[C[C[C[C[C[C[C[C[C[C[C[C[C[C[C[C[C[C[C[C[C[27Pcd ~/tmp/fns-compare[6@mkdir -p[C[C[C[C[C[C[C[C[C[C[C[C[C[C[C[C[C[C[11Pemacs Makefile make[Kemacs Makefile [2P./fns-comparemake[Kcd 5-auto-dependencies/make[K./fns-compareemacs Makefile make[Kemacs Makefile mkdir -p ~/tmp/fns-compare[6Pcd[C[C[C[C[C[C[C[C[C[C[C[C[C[C[C[C[C[Ctar -xvf ~/i240b/submit/lab1/5*/fns-compare.tar[C[C[C[C[C[C[C[C[C[C[C[C[C[C[C[C[C[C[C[C[C[C[C[C[C[C[C[C[C[C[C[C[K../
bash: ../: Is a directory
tloja1@g7-39:~/tmp/fns-compare$ ../
bash: ../: Is a directory
tloja1@g7-39:~/tmp/fns-compare$ cd ../
tloja1@g7-39:~/tmp$ cd ../
tloja1@g7-39:~$ ls
 a.out	 cs240	   Documents   i240    lab2     lab3	 Music	   '~.profile'	 Public      tmp
 cs120	 Desktop   Downloads   i240b   lab2.c   lab3.c	 Pictures   projects	 Templates   Videos
tloja1@g7-39:~$ cd i240b
tloja1@g7-39:~/i240b$ ls
README.md  submit
tloja1@g7-39:~/i240b$ cd submit/
tloja1@g7-39:~/i240b/submit$ .s[K[Kls
lab0  lab1
tloja1@g7-39:~/i240b/submit$ cd lab1
tloja1@g7-39:~/i240b/submit/lab1$ ls
0-hello  1-monolithic  2-separate-compilation  3-makefile  4-dependencies  5-auto-dependencies	lab1.LOG
tloja1@g7-39:~/i240b/submit/lab1$ cd 5-auto-dependencies/
tloja1@g7-39:~/i240b/submit/lab1/5-auto-dependencies$ ls
constant.cc  cubic.o	     fact.cc	  fns-compare.cc  lg.cc      linear.o	nlg.cc	      quadratic.o
constant.o   exponential.cc  fact.o	  fns-compare.hh  lg.o	     Makefile	nlg.o
cubic.cc     exponential.o   fns-compare  fns-compare.o   linear.cc  Makefile~	quadratic.cc
tloja1@g7-39:~/i240b/submit/lab1/5-auto-dependencies$ fns-compare.tar[K[K[K[K[K[K[K[K[K[K[K[K[K[K[Klscd 5-auto-dependencies/ls[Kcd lab1ls[Kcd submit/ls[Kcd i240bls[Kcd ../[3P../tar -xvf ~/i240b/submit/lab1/5*/fns-compare.tar[27Pcd ~/tmp/fns-compare[6@mkdir -p[C[C[C[C[C[C[C[C[C[C[C[C[C[C[C[C[C[C[11Pemacs Makefile make[Kemacs Makefile [2P./fns-comparemake[Kcd 5-auto-dependencies/../.[Kemacs fns-compare.hh[6PMakefilels[K./fns-compare make[Kemacs Makefile ls[Kmakecd 4-dependencies/ls[Kcd ../[2Pmakeemacs fns-compare.hh [7P./fns-compare[Cmake[K[Kemacs Makefile ls[Kcd 3-makefile/ls[Kcd .././fns-compare g++ fns-compare.o linear.o quadratic.o -o fns-compare [A[C[C[C[C[C[C[C[C[C[C[C[C[C[C[C[C[C[C[C[C[C[C[C[C[C[C[C[C[C[C[C[C[C[C[C[C[C[C[C[C[C[C[C[C[C[C[C[C[C[C[C[C[C[C./fns-compare [K
[K[A[C[C[C[C[C[C[C[C[C[C[C[C[C[C[C[C[C[C[C[C[C[C[C[C[C[C[C[C[C[C[C[C[C[C[C[C[C[C[C[C[C[C[C[C[C[C[C[C[C[C[C[C[C[C[C[C[C[C[C[C[C[C[C[C[C[C[C[Cg++ fns-compare.o linear.o -o fns-compare[27P./fns-compare g++ fns-compare.o linear.o quadratic.o -o fns-compare [A[C[C[C[C[C[C[C[C[C[C[C[C[C[C[C[C[C[C[C[C[C[C[C[C[C[C[C[C[C[C[C[C[C[C[C[C[C[C[C[C[C[C[C[C[C[C[C[C[C[C[C[C[C[C./fns-compare [K
[K[A[C[C[C[C[C[C[C[C[C[C[C[C[C[C[C[C[C[C[C[C[C[C[C[C[C[C[C[C[C[C[C[C[C[C[C[C[C[C[C[C[C[C[C[C[C[C[C[C[C[C[C[C[C[C[C[C[C[C[C[C[C[C[C[C[C[C[C[Cg++ fns-compare.o linear.o -o fns-compare[27P./fns-compare g++ fns-compare.o linear.o -o fns-compare[3@quadratic[C[C[C[C[C[C[C[C[C[C[C[C[C[C[C[C[C./fns-compare[Kg++ fns-compare.o quadratic.o -o fns-compare[K[K[K[K[K[K[K[K[K[K[K[K[K[K[K[K[K[K[K[K[K[K[K[K[K[K[K[K[K[K[K[K[K[K[K[K[K[K[K[K[K[K[K[Kmake
make: Nothing to be done for 'all'.
tloja1@g7-39:~/i240b/submit/lab1/5-auto-dependencies$ emacs fns-compare.hh
tloja1@g7-39:~/i240b/submit/lab1/5-auto-dependencies$ emacs fns-compare.hhmake[K fns-compare
make: 'fns-compare' is up to date.
tloja1@g7-39:~/i240b/submit/lab1/5-auto-dependencies$ make
make: Nothing to be done for 'all'.
tloja1@g7-39:~/i240b/submit/lab1/5-auto-dependencies$ emacs Makefile
^Ctloja1@g7-39:~/i240b/submit/lab1/5-auto-dependencies$ ls
constant.cc  cubic.o	     fact.cc	  fns-compare.cc  lg.cc      linear.o	nlg.cc	      quadratic.o
constant.o   exponential.cc  fact.o	  fns-compare.hh  lg.o	     Makefile	nlg.o
cubic.cc     exponential.o   fns-compare  fns-compare.o   linear.cc  Makefile~	quadratic.cc
tloja1@g7-39:~/i240b/submit/lab1/5-auto-dependencies$ c fn[K[K[Kd fns-compare.cc
bash: cd: fns-compare.cc: Not a directory
tloja1@g7-39:~/i240b/submit/lab1/5-auto-dependencies$ emacs fns-compare.cc
tloja1@g7-39:~/i240b/submit/lab1/5-auto-dependencies$ emacs fns-compare.cc[3Pcd[C[C[C[C[C[C[C[C[C[C[C[C[C[C[Cls[Kemacs Makefilemake[K fns-compare[K
g++ -MT fns-compare.o -MMD -MP -MF .deps/fns-compare.d -g -Wall -std=c++17 -c fns-compare.cc
[01m[Kfns-compare.cc:[m[K In function ‘[01m[Kstd::vector<FnInfo>& fnInfoStore()[m[K’:
[01m[Kfns-compare.cc:8:17:[m[K [01;31m[Kerror: [m[Kexpected ‘[01m[K;[m[K’ before ‘[01m[K}[m[K’ token
   return fnInfos
                 [01;31m[K^[m[K
                 [32m[K;[m[K
 [32m[K}[m[K
 [32m[K~[m[K                
make: *** [Makefile:47: fns-compare.o] Error 1
tloja1@g7-39:~/i240b/submit/lab1/5-auto-dependencies$ makeemacs fns-compare.cc[3Pcd[C[C[C[C[C[C[C[C[C[C[C[C[C[C[Cls[Kcd fns-compare.cc
bash: cd: fns-compare.cc: Not a directory
tloja1@g7-39:~/i240b/submit/lab1/5-auto-dependencies$ cd fns-compare.ccmake[Kemacs fns-compare.cc[3Pcd[C[C[C[C[C[C[C[C[C[C[C[C[C[C[C[3@emacs[C[C[C[C[C[C[C[C[C[C[C[C[C[C[C
tloja1@g7-39:~/i240b/submit/lab1/5-auto-dependencies$ emacs fns-compare.cc[3Pcd[C[C[C[C[C[C[C[C[C[C[C[C[C[C[Cmake[Kemacs fns-compare.ccmake[K
g++ -MT fns-compare.o -MMD -MP -MF .deps/fns-compare.d -g -Wall -std=c++17 -c fns-compare.cc
g++ linear.o nlg.o fact.o lg.o cubic.o exponential.o fns-compare.o constant.o quadratic.o -o fns-compare
tloja1@g7-39:~/i240b/submit/lab1/5-auto-dependencies$ makeemacs fns-compare.cc[3Pcd[C[C[C[C[C[C[C[C[C[C[C[C[C[C[Cmake[K[K[K[K[Kls
constant.cc  exponential.cc  fns-compare      fns-compare.o  linear.o	nlg.o
constant.o   exponential.o   fns-compare.cc   lg.cc	     Makefile	quadratic.cc
cubic.cc     fact.cc	     fns-compare.cc~  lg.o	     Makefile~	quadratic.o
cubic.o      fact.o	     fns-compare.hh   linear.cc      nlg.cc
tloja1@g7-39:~/i240b/submit/lab1/5-auto-dependencies$ a[Kemacs Makefile
tloja1@g7-39:~/i240b/submit/lab1/5-auto-dependencies$ emacs Makefilels[Kmakeemacs fns-compare.ccmake[K
make: Nothing to be done for 'all'.
tloja1@g7-39:~/i240b/submit/lab1/5-auto-dependencies$ makeemacs Makefilels[Kmakeemacs fns-compare.cc[3Pcd[C[C[C[C[C[C[C[C[C[C[C[C[C[C[Cmake[Kcd fns-compare.ccmake[Kemacs fns-compare.cc
tloja1@g7-39:~/i240b/submit/lab1/5-auto-dependencies$ emacs fns-compare.ccmake[K
g++ -MT fns-compare.o -MMD -MP -MF .deps/fns-compare.d -g -Wall -std=c++17 -c fns-compare.cc
[01m[Kfns-compare.cc:[m[K In function ‘[01m[Kstd::vector<FnInfo>& fnInfoStore()[m[K’:
[01m[Kfns-compare.cc:8:17:[m[K [01;31m[Kerror: [m[Kexpected ‘[01m[K;[m[K’ before ‘[01m[K}[m[K’ token
   return fnInfos
                 [01;31m[K^[m[K
                 [32m[K;[m[K
 [32m[K}[m[K
 [32m[K~[m[K                
make: *** [Makefile:49: fns-compare.o] Error 1
tloja1@g7-39:~/i240b/submit/lab1/5-auto-dependencies$ makeemacs fns-compare.ccmake[Kemacs fns-compare.ccmake[Kemacs Makefilemake[Kemacs fns-compare.ccmake[Kemacs fns-compare.ccmake[Kemacs fns-compare.ccmake[Kemacs fns-compare.cc
tloja1@g7-39:~/i240b/submit/lab1/5-auto-dependencies$ emacs fns-compare.ccmake[K
g++ -MT fns-compare.o -MMD -MP -MF .deps/fns-compare.d -g -Wall -std=c++17 -c fns-compare.cc
g++ linear.o nlg.o fact.o lg.o cubic.o exponential.o fns-compare.o constant.o quadratic.o -o fns-compare
tloja1@g7-39:~/i240b/submit/lab1/5-auto-dependencies$ ls
constant.cc  exponential.cc  fns-compare      fns-compare.o  linear.o	nlg.o
constant.o   exponential.o   fns-compare.cc   lg.cc	     Makefile	quadratic.cc
cubic.cc     fact.cc	     fns-compare.cc~  lg.o	     Makefile~	quadratic.o
cubic.o      fact.o	     fns-compare.hh   linear.cc      nlg.cc
tloja1@g7-39:~/i240b/submit/lab1/5-auto-dependencies$ ls
constant.cc  exponential.cc  fns-compare      fns-compare.o  linear.o	nlg.o
constant.o   exponential.o   fns-compare.cc   lg.cc	     Makefile	quadratic.cc
cubic.cc     fact.cc	     fns-compare.cc~  lg.o	     Makefile~	quadratic.o
cubic.o      fact.o	     fns-compare.hh   linear.cc      nlg.cc
tloja1@g7-39:~/i240b/submit/lab1/5-auto-dependencies$ cd ~/tmp/fns-compare
tloja1@g7-39:~/tmp/fns-compare$ l[Ktar -xvf ~/i240b/submit/lab1/5*/fns-compare.tar
tar: /home/tloja1/i240b/submit/lab1/5*/fns-compare.tar: Cannot open: No such file or directory
tar: Error is not recoverable: exiting now
tloja1@g7-39:~/tmp/fns-compare$ emacs [K[K[K[K[K[Kcd ../
tloja1@g7-39:~/tmp$ cd ../
tloja1@g7-39:~$ ls
 a.out	 cs240	   Documents   i240    lab2     lab3	 Music	   '~.profile'	 Public      tmp
 cs120	 Desktop   Downloads   i240b   lab2.c   lab3.c	 Pictures   projects	 Templates   Videos
tloja1@g7-39:~$ cd i240b
tloja1@g7-39:~/i240b$ ls
README.md  submit
tloja1@g7-39:~/i240b$ cd submit
tloja1@g7-39:~/i240b/submit$ ls
lab0  lab1
tloja1@g7-39:~/i240b/submit$ cd lab1
tloja1@g7-39:~/i240b/submit/lab1$ ls
0-hello  1-monolithic  2-separate-compilation  3-makefile  4-dependencies  5-auto-dependencies	lab1.LOG
tloja1@g7-39:~/i240b/submit/lab1$ cd 5-auto-dependencies/
tloja1@g7-39:~/i240b/submit/lab1/5-auto-dependencies$ ls
constant.cc  exponential.cc  fns-compare      fns-compare.o  linear.o	nlg.o
constant.o   exponential.o   fns-compare.cc   lg.cc	     Makefile	quadratic.cc
cubic.cc     fact.cc	     fns-compare.cc~  lg.o	     Makefile~	quadratic.o
cubic.o      fact.o	     fns-compare.hh   linear.cc      nlg.cc
tloja1@g7-39:~/i240b/submit/lab1/5-auto-dependencies$ cd [K[K[Klscd 5-auto-dependencies/ls[Kcd 5-auto-dependencies/ls[Kcd 5-auto-dependencies/ls[K[Klscd 5-auto-dependencies/ls[Kcd lab1ls[Kcd submitls[Kcd i240bls[Kcd ../tar -xvf ~/i240b/submit/lab1/5*/fns-compare.tar[27Pcd ~/tmp/fns-comparels[Kmakeemacs fns-compare.ccmake[K[2Plsmakeemacs fns-compare.ccmake[Kemacs fns-compare.ccmake[Kemacs Makefilels[Kemacs Makefile
tloja1@g7-39:~/i240b/submit/lab1/5-auto-dependencies$ make
make: Nothing to be done for 'all'.
tloja1@g7-39:~/i240b/submit/lab1/5-auto-dependencies$ ls
constant.cc  exponential.cc  fns-compare      fns-compare.o  linear.o	nlg.o
constant.o   exponential.o   fns-compare.cc   lg.cc	     Makefile	quadratic.cc
cubic.cc     fact.cc	     fns-compare.cc~  lg.o	     Makefile~	quadratic.o
cubic.o      fact.o	     fns-compare.hh   linear.cc      nlg.cc
tloja1@g7-39:~/i240b/submit/lab1/5-auto-dependencies$ cd [K[K[Kemacs fns-compare.cc
tloja1@g7-39:~/i240b/submit/lab1/5-auto-dependencies$ emacs fns-compare.ccls[Kmake
g++ -MT fns-compare.o -MMD -MP -MF .deps/fns-compare.d -g -Wall -std=c++17 -c fns-compare.cc
[01m[Kfns-compare.cc:[m[K In function ‘[01m[Kstd::vector<FnInfo>& fnInfoStore()[m[K’:
[01m[Kfns-compare.cc:8:17:[m[K [01;31m[Kerror: [m[Kexpected ‘[01m[K;[m[K’ before ‘[01m[K}[m[K’ token
   return fnInfos
                 [01;31m[K^[m[K
                 [32m[K;[m[K
 [32m[K}[m[K
 [32m[K~[m[K                
make: *** [Makefile:52: fns-compare.o] Error 1
tloja1@g7-39:~/i240b/submit/lab1/5-auto-dependencies$ emacs [2Pmakeemacs fns-compare.cc
tloja1@g7-39:~/i240b/submit/lab1/5-auto-dependencies$ emacs fns-compare.ccmake[K
g++ -MT fns-compare.o -MMD -MP -MF .deps/fns-compare.d -g -Wall -std=c++17 -c fns-compare.cc
g++ linear.o nlg.o fact.o lg.o cubic.o exponential.o fns-compare.o constant.o quadratic.o -o fns-compare
tloja1@g7-39:~/i240b/submit/lab1/5-auto-dependencies$ ls
constant.cc  exponential.cc  fns-compare      fns-compare.o  linear.o	nlg.o
constant.o   exponential.o   fns-compare.cc   lg.cc	     Makefile	quadratic.cc
cubic.cc     fact.cc	     fns-compare.cc~  lg.o	     Makefile~	quadratic.o
cubic.o      fact.o	     fns-compare.hh   linear.cc      nlg.cc
tloja1@g7-39:~/i240b/submit/lab1/5-auto-dependencies$ emacs Makefile
tloja1@g7-39:~/i240b/submit/lab1/5-auto-dependencies$ emacs Makefilels[Kmakeemacs fns-compare.ccmake[Kemacs fns-compare.ccmake[Kemacs fns-compare.ccmake[Kemacs fns-compare.ccls[Kmakeemacs Makefilemake[K[2Plsemacs fns-compare.ccmake[Kemacs fns-compare.ccmake[Kemacs fns-compare.ccls[Kmakeemacs Makefilels[Kcd 5-auto-dependencies/ls[Kcd 5-auto-dependencies/ls[Kemacs Makefilemake[K[2Plsemacs fns-compare.ccmake[Kemacs fns-compare.ccmake[K[2Plsmakeemacs fns-compare.ccmake[Kemacs fns-compare.ccmake[Kemacs fns-compare.ccls[Kmakeemacs Makefilemake[K
make: Nothing to be done for 'all'.
tloja1@g7-39:~/i240b/submit/lab1/5-auto-dependencies$ emacs fns-compare.t[Kcc
tloja1@g7-39:~/i240b/submit/lab1/5-auto-dependencies$ emacs fns-compare.ccmake[K
g++ -MT fns-compare.o -MMD -MP -MF .deps/fns-compare.d -g -Wall -std=c++17 -c fns-compare.cc
[01m[Kfns-compare.cc:[m[K In function ‘[01m[Kstd::vector<FnInfo>& fnInfoStore()[m[K’:
[01m[Kfns-compare.cc:8:17:[m[K [01;31m[Kerror: [m[Kexpected ‘[01m[K;[m[K’ before ‘[01m[K}[m[K’ token
   return fnInfos
                 [01;31m[K^[m[K
                 [32m[K;[m[K
 [32m[K}[m[K
 [32m[K~[m[K                
make: *** [Makefile:52: fns-compare.o] Error 1
tloja1@g7-39:~/i240b/submit/lab1/5-auto-dependencies$ makeemacs fns-compare.cc
tloja1@g7-39:~/i240b/submit/lab1/5-auto-dependencies$ emacs fns-compare.ccmake[K
g++ -MT fns-compare.o -MMD -MP -MF .deps/fns-compare.d -g -Wall -std=c++17 -c fns-compare.cc
g++ linear.o nlg.o fact.o lg.o cubic.o exponential.o fns-compare.o constant.o quadratic.o -o fns-compare
tloja1@g7-39:~/i240b/submit/lab1/5-auto-dependencies$ ls
constant.cc  exponential.cc  fns-compare      fns-compare.o  linear.o	nlg.o
constant.o   exponential.o   fns-compare.cc   lg.cc	     Makefile	quadratic.cc
cubic.cc     fact.cc	     fns-compare.cc~  lg.o	     Makefile~	quadratic.o
cubic.o      fact.o	     fns-compare.hh   linear.cc      nlg.cc
tloja1@g7-39:~/i240b/submit/lab1/5-auto-dependencies$ lsmakeemacs fns-compare.ccmake[Kemacs fns-compare.ccmake[Kemacs Makefile
tloja1@g7-39:~/i240b/submit/lab1/5-auto-dependencies$ ls
constant.cc  exponential.cc  fns-compare      fns-compare.o  linear.o	nlg.o
constant.o   exponential.o   fns-compare.cc   lg.cc	     Makefile	quadratic.cc
cubic.cc     fact.cc	     fns-compare.cc~  lg.o	     Makefile~	quadratic.o
cubic.o      fact.o	     fns-compare.hh   linear.cc      nlg.cc
tloja1@g7-39:~/i240b/submit/lab1/5-auto-dependencies$ cd ~/tmp/fns-compare
tloja1@g7-39:~/tmp/fns-compare$ tar -xvf ~/i240b/submit/alb[K[K[Kla[Kb[Kab1/5*/fns_[K-compare.tar
tar: /home/tloja1/i240b/submit/lab1/5*/fns-compare.tar: Cannot open: No such file or directory
tar: Error is not recoverable: exiting now
tloja1@g7-39:~/tmp/fns-compare$ make
make: *** No targets specified and no makefile found.  Stop.
tloja1@g7-39:~/tmp/fns-compare$ maketar -xvf ~/i240b/submit/lab1/5*/fns-compare.tar[C[C[C[C[C[C[C[C[C[C[C[C[C[C[C[C[C[C[C[C[C[C[C[C[C[C[C[C[C[C[C[C[27Pcd ~/tmp/fns-comparels[Kemacs Makefilels[Kemacs Makefile
tloja1@g7-39:~/tmp/fns-compare$ emacs Makefile[Kls
tloja1@g7-39:~/tmp/fns-compare$ cd ../
tloja1@g7-39:~/tmp$ cd ../
tloja1@g7-39:~$ cd cs124[K[K[K240[K[K[K[K[K[K[K[Kls
 a.out	 cs240	   Documents   i240    lab2     lab3	 Music	   '~.profile'	 Public      tmp
 cs120	 Desktop   Downloads   i240b   lab2.c   lab3.c	 Pictures   projects	 Templates   Videos
tloja1@g7-39:~$ cd i240b
tloja1@g7-39:~/i240b$ ls
README.md  submit
tloja1@g7-39:~/i240b$ cd submit
tloja1@g7-39:~/i240b/submit$ ls
lab0  lab1
tloja1@g7-39:~/i240b/submit$ cd lab1
tloja1@g7-39:~/i240b/submit/lab1$ ls
0-hello  1-monolithic  2-separate-compilation  3-makefile  4-dependencies  5-auto-dependencies	lab1.LOG
tloja1@g7-39:~/i240b/submit/lab1$ cd 5-auto-dependencies/
tloja1@g7-39:~/i240b/submit/lab1/5-auto-dependencies$ ls
constant.cc  exponential.cc  fns-compare      fns-compare.o  linear.o	nlg.o
constant.o   exponential.o   fns-compare.cc   lg.cc	     Makefile	quadratic.cc
cubic.cc     fact.cc	     fns-compare.cc~  lg.o	     Makefile~	quadratic.o
cubic.o      fact.o	     fns-compare.hh   linear.cc      nlg.cc
tloja1@g7-39:~/i240b/submit/lab1/5-auto-dependencies$ cd [K[K[Kemacs Makefile
tloja1@g7-39:~/i240b/submit/lab1/5-auto-dependencies$ make dist
tar -cf fns-compare.tar linear.cc nlg.cc fact.cc lg.cc cubic.cc exponential.cc fns-compare.cc constant.cc quadratic.cc fns-compare.hh Makefile
tloja1@g7-39:~/i240b/submit/lab1/5-auto-dependencies$ ls
constant.cc  exponential.cc  fns-compare      fns-compare.o    linear.cc  nlg.cc
constant.o   exponential.o   fns-compare.cc   fns-compare.tar  linear.o   nlg.o
cubic.cc     fact.cc	     fns-compare.cc~  lg.cc	       Makefile   quadratic.cc
cubic.o      fact.o	     fns-compare.hh   lg.o	       Makefile~  quadratic.o
tloja1@g7-39:~/i240b/submit/lab1/5-auto-dependencies$ cd ~/tmp/fns-compare
tloja1@g7-39:~/tmp/fns-compare$ tar -xvf ~/i240b/submit/al[K[Klab1/5/[K*/fns-compare [K[K[K.[Kre.tar
linear.cc
nlg.cc
fact.cc
lg.cc
cubic.cc
exponential.cc
fns-compare.cc
constant.cc
quadratic.cc
fns-compare.hh
Makefile
tloja1@g7-39:~/tmp/fns-compare$ make
g++ -MT linear.o -MMD -MP -MF .deps/linear.d -g -Wall -std=c++17 -c linear.cc
g++ -MT fact.o -MMD -MP -MF .deps/fact.d -g -Wall -std=c++17 -c fact.cc
g++ -MT nlg.o -MMD -MP -MF .deps/nlg.d -g -Wall -std=c++17 -c nlg.cc
g++ -MT cubic.o -MMD -MP -MF .deps/cubic.d -g -Wall -std=c++17 -c cubic.cc
g++ -MT exponential.o -MMD -MP -MF .deps/exponential.d -g -Wall -std=c++17 -c exponential.cc
g++ -MT fns-compare.o -MMD -MP -MF .deps/fns-compare.d -g -Wall -std=c++17 -c fns-compare.cc
g++ -MT constant.o -MMD -MP -MF .deps/constant.d -g -Wall -std=c++17 -c constant.cc
g++ -MT quadratic.o -MMD -MP -MF .deps/quadratic.d -g -Wall -std=c++17 -c quadratic.cc
g++ -MT lg.o -MMD -MP -MF .deps/lg.d -g -Wall -std=c++17 -c lg.cc
g++ linear.o fact.o nlg.o cubic.o exponential.o fns-compare.o constant.o quadratic.o lg.o -o fns-compare
tloja1@g7-39:~/tmp/fns-compare$ exit

Script done on 2020-01-30 19:58:43-05:00 [COMMAND_EXIT_CODE="0"]
